http://www.hanulan.or.kr/news/articleView.html?idxno=162411 서울원문화해설단의 탄생
http://www.hanulan.or.kr/news/articleView.html?idxno=162469 경성 인연을 찾아서
http://www.hanulan.or.kr/news/articleView.html?idxno=162557 숙세의 귀한 인연, 이공주와의 만남
http://www.hanulan.or.kr/news/articleView.html?idxno=162659 성주와 강자·약자의 진화상요법 탄생
http://www.hanulan.or.kr/news/articleView.html?idxno=162819 교단 최초 은부모 시자녀 결의법((恩父母 侍子女 結義法) 시행
http://www.hanulan.or.kr/news/articleView.html?idxno=162901 재가교무 이공주 부임
http://www.hanulan.or.kr/news/articleView.html?idxno=162994 이공주, 이동진화의 출가
http://www.hanulan.or.kr/news/articleView.html?idxno=163160 경성지부 돈암동 회관 신축되다
http://www.hanulan.or.kr/news/articleView.html?idxno=163254 정기훈련과 교리강습회의 시작
http://www.hanulan.or.kr/news/articleView.html?idxno=163392 수달장자 황정신행의 귀의
http://www.hanulan.or.kr/news/articleView.html?idxno=163517 조광(朝光)지의 악의에 찬 기사
http://www.hanulan.or.kr/news/articleView.html?idxno=163641 불법연구회 개성교당과 종로교당 설립
http://www.hanulan.or.kr/news/articleView.html?idxno=163759 황정신행의 무상보시(無相報施)
http://www.hanulan.or.kr/news/articleView.html?idxno=163918 [소태산 대종사의 경성교화] 불법연구회 법복 제작
http://www.hanulan.or.kr/news/articleView.html?idxno=164008 대종사의 마지막 상경
http://www.hanulan.or.kr/news/articleView.html?idxno=164127 해방을 맞이한 불법연구회
http://www.hanulan.or.kr/news/articleView.html?idxno=164274 불법연구회의 전재동포구호사업 전개
http://www.hanulan.or.kr/news/articleView.html?idxno=164374 정각사에서 서울수도원까지
http://www.hanulan.or.kr/news/articleView.html?idxno=164506 서울교당, 용산 시대를 열다
