https://www.m-wonkwang.org/news/articleView.html?idxno=4206 '분별성'
https://www.m-wonkwang.org/news/articleView.html?idxno=4238 '일어난 마음'
https://www.m-wonkwang.org/news/articleView.html?idxno=4308 '알아차림'
https://www.m-wonkwang.org/news/articleView.html?idxno=4345 '공적영지'
https://www.m-wonkwang.org/news/articleView.html?idxno=4364 '업'
https://www.m-wonkwang.org/news/articleView.html?idxno=4452 원
https://www.m-wonkwang.org/news/articleView.html?idxno=4496 '특신'
https://www.m-wonkwang.org/news/articleView.html?idxno=4533 법
https://www.m-wonkwang.org/news/articleView.html?idxno=4597 깨달음
https://www.m-wonkwang.org/news/articleView.html?idxno=4635 진공묘유
https://www.m-wonkwang.org/news/articleView.html?idxno=4672 '인과보응'
https://www.m-wonkwang.org/news/articleView.html?idxno=4709 은혜
https://www.m-wonkwang.org/news/articleView.html?idxno=4747 원불교 정전 아카이빙 툰
https://www.m-wonkwang.org/news/articleView.html?idxno=4758 '지혜'
https://www.m-wonkwang.org/news/articleView.html?idxno=4788 교리도
https://www.m-wonkwang.org/news/articleView.html?idxno=4802 '자비'
https://www.m-wonkwang.org/news/articleView.html?idxno=4828 개교의 동기
https://www.m-wonkwang.org/news/articleView.html?idxno=4841 일원상
https://www.m-wonkwang.org/news/articleView.html?idxno=4866 교법의 총설
https://www.m-wonkwang.org/news/articleView.html?idxno=4878 동 , 정
https://www.m-wonkwang.org/news/articleView.html?idxno=4912 참회
https://www.m-wonkwang.org/news/articleView.html?idxno=4934 시비이해
https://www.m-wonkwang.org/news/articleView.html?idxno=4948 일원상의 수행
https://www.m-wonkwang.org/news/articleView.html?idxno=4986 일원상의 진리
https://www.m-wonkwang.org/news/articleView.html?idxno=5000 '공 , 원 , 정'
https://www.m-wonkwang.org/news/articleView.html?idxno=5022 일원상의 신앙
https://www.m-wonkwang.org/news/articleView.html?idxno=5034 '대소유무'
https://www.m-wonkwang.org/news/articleView.html?idxno=5059 일원상 서원문
https://www.m-wonkwang.org/news/articleView.html?idxno=5072 영
https://www.m-wonkwang.org/news/articleView.html?idxno=5098 일원상 법어
https://www.m-wonkwang.org/news/articleView.html?idxno=5111 기
https://www.m-wonkwang.org/news/articleView.html?idxno=5140 게송
https://www.m-wonkwang.org/news/articleView.html?idxno=5154 질
https://www.m-wonkwang.org/news/articleView.html?idxno=5179 사은
https://www.m-wonkwang.org/news/articleView.html?idxno=5193 정신
https://www.m-wonkwang.org/news/articleView.html?idxno=5218 삼학
https://www.m-wonkwang.org/news/articleView.html?idxno=5230 호흡
https://www.m-wonkwang.org/news/articleView.html?idxno=5242 샌프란시스코 젠 센터
https://www.m-wonkwang.org/news/articleView.html?idxno=5254 사요
https://www.m-wonkwang.org/news/articleView.html?idxno=5266 염불
https://www.m-wonkwang.org/news/articleView.html?idxno=5277 성 프란치스코와 아시시
https://www.m-wonkwang.org/news/articleView.html?idxno=5288 팔조
https://www.m-wonkwang.org/news/articleView.html?idxno=5304 주문
https://www.m-wonkwang.org/news/articleView.html?idxno=5314 성 프란치스코와 아시시
https://www.m-wonkwang.org/news/articleView.html?idxno=5325 인생의 요도와 공부의 요도
https://www.m-wonkwang.org/news/articleView.html?idxno=5337 좌선
https://www.m-wonkwang.org/news/articleView.html?idxno=5357 틱낫한 스님과 벽암사원
https://www.m-wonkwang.org/news/articleView.html?idxno=5364 반좌
https://www.m-wonkwang.org/news/articleView.html?idxno=5367 사대강령
https://www.m-wonkwang.org/news/articleView.html?idxno=5387 틱낫한 스님과 벽암사원(2)
https://www.m-wonkwang.org/news/articleView.html?idxno=5395 일상수행의 요법
https://www.m-wonkwang.org/news/articleView.html?idxno=5405 수인
https://www.m-wonkwang.org/news/articleView.html?idxno=10055 틱낫한 스님과 벽암사원(完)
https://www.m-wonkwang.org/news/articleView.html?idxno=10064 정기훈련과 상시훈련
https://www.m-wonkwang.org/news/articleView.html?idxno=10078 단전(丹田)
https://www.m-wonkwang.org/news/articleView.html?idxno=10152 무시선(無時禪)
https://www.m-wonkwang.org/news/articleView.html?idxno=10153 일상수행의 요법 1조, 2조
https://www.m-wonkwang.org/news/articleView.html?idxno=10143 염불법
https://www.m-wonkwang.org/news/articleView.html?idxno=10137 통찰명상협회(IMS)
https://www.m-wonkwang.org/news/articleView.html?idxno=10212 잭 콘필드와 스피릿 락 명상센터
https://www.m-wonkwang.org/news/articleView.html?idxno=10213 일상수행의 요법 3조
https://www.m-wonkwang.org/news/articleView.html?idxno=10223 좌선법
https://www.m-wonkwang.org/news/articleView.html?idxno=10273 고엔카와 위빠사나 명상센터 (1)
https://www.m-wonkwang.org/news/articleView.html?idxno=10291 의두요목
https://www.m-wonkwang.org/news/articleView.html?idxno=10301 일상수행의 요법 4조
https://www.m-wonkwang.org/news/articleView.html?idxno=10324 일상수행의 요법 5조
https://www.m-wonkwang.org/news/articleView.html?idxno=10334 일기법
https://www.m-wonkwang.org/news/articleView.html?idxno=10342 고엔카와 위빠사나 명상센터(2)
https://www.m-wonkwang.org/news/articleView.html?idxno=10367 일상수행의 요법 6조
https://www.m-wonkwang.org/news/articleView.html?idxno=10380 무시선법
https://www.m-wonkwang.org/news/articleView.html?idxno=10366 마하리쉬 마헤쉬와 시드니 초월명상센터(1)
https://www.m-wonkwang.org/news/articleView.html?idxno=10415 참회문
https://www.m-wonkwang.org/news/articleView.html?idxno=10411 일상수행의 요법 7조
https://www.m-wonkwang.org/news/articleView.html?idxno=10410 마하리쉬 마헤쉬와 시드니 초월명상센터(2)
https://www.m-wonkwang.org/news/articleView.html?idxno=10456 일상수행의 요법 8조
https://www.m-wonkwang.org/news/articleView.html?idxno=10472 심고와 기도
https://www.m-wonkwang.org/news/articleView.html?idxno=10455 원불교 중앙중도훈련원 (1) 일원의 빛과 향
https://www.m-wonkwang.org/news/articleView.html?idxno=10492 일상수행의 요법 9조
https://www.m-wonkwang.org/news/articleView.html?idxno=10488 새로운 나를 찾아 새롭게 살아가자
https://www.m-wonkwang.org/news/articleView.html?idxno=10491 원불교 중앙중도훈련원 (2) 전무출신의 성소
https://www.m-wonkwang.org/news/articleView.html?idxno=10499 불공하는 법
https://www.m-wonkwang.org/news/articleView.html?idxno=10547 조화하고 합력하는 지혜
https://www.m-wonkwang.org/news/articleView.html?idxno=10550 열다섯 번째 이야기: 존 다이도 루리의 선산사(1)
https://www.m-wonkwang.org/news/articleView.html?idxno=10563 반복되는 패턴, 고뇌의 물음표
https://www.m-wonkwang.org/news/articleView.html?idxno=10646 말에 앞서 실천하자 오늘도 실천, 내일도 실천
https://www.m-wonkwang.org/news/articleView.html?idxno=10677 솔성요론
https://www.m-wonkwang.org/news/articleView.html?idxno=10649 열여섯 번째 이야기: 존 다이도 루리의 선산사(2)
https://www.m-wonkwang.org/news/articleView.html?idxno=10650 경전 활용 훈련, 문자·현실·마음 경전 체득해야
https://www.m-wonkwang.org/news/articleView.html?idxno=10737 최초법어
https://www.m-wonkwang.org/news/articleView.html?idxno=10728 열일곱 번째 이야기: 트리라트나 이야기
https://www.m-wonkwang.org/news/articleView.html?idxno=10729 내 삶에 교법을 적용하고 활용하는 지혜
https://www.m-wonkwang.org/news/articleView.html?idxno=10780 1956년, 해방 후 우리나라 최초 세계일주 교화여행
https://www.m-wonkwang.org/news/articleView.html?idxno=10784 트리라트나 이야기, 영국의 새로운 불교 전통 (2)
https://www.m-wonkwang.org/news/articleView.html?idxno=10785 일상에서 온전함으로 현존할 때 ‘툭’ 밝아질 수 있는 것
https://www.m-wonkwang.org/news/articleView.html?idxno=10836 열아홉 번째 이야기: 오직 모를 뿐, 숭산행원의 관음선종 ①
https://www.m-wonkwang.org/news/articleView.html?idxno=10841 자신에 대한 알아차림의 공부,  깊이 있게
https://www.m-wonkwang.org/news/articleView.html?idxno=10888 오직 모를 뿐, 숭산행원의 관음선종 ②
https://www.m-wonkwang.org/news/articleView.html?idxno=10895 ‘이 상황에서 어떻게 해야 온전한 생각으로 취사하는 것인가’
https://www.m-wonkwang.org/news/articleView.html?idxno=10972 일상의 마음 챙김,  유무념 공부
https://www.m-wonkwang.org/news/articleView.html?idxno=10959 가벼운 마음으로 찾아가기 좋은 곳,  오메가 인스티튜트
https://www.m-wonkwang.org/news/articleView.html?idxno=11035 요가 수행자의 성지, 크리팔루 센터
https://www.m-wonkwang.org/news/articleView.html?idxno=11037 내 행위에 신념을 가졌는가? 
https://www.m-wonkwang.org/news/articleView.html?idxno=11099 스물세 번째 이야기: 반테 G와 바와나 소사이어티  
https://www.m-wonkwang.org/news/articleView.html?idxno=11100 어떻게 마음을 잘 챙겨  온전·생각·취사 할 수 있을까?  
https://www.m-wonkwang.org/news/articleView.html?idxno=11139 미리 연마하기,  2가지 포인트는?  
https://www.m-wonkwang.org/news/articleView.html?idxno=11138 스물네 번째 이야기: 반테 G와 바와나 소사이어티
https://www.m-wonkwang.org/news/articleView.html?idxno=11199 미국 원불교의 중심지
https://www.m-wonkwang.org/news/articleView.html?idxno=11200 연습 앞에  장사(壯士)는 없다.  
https://www.m-wonkwang.org/news/articleView.html?idxno=11275 왜 경전·법규 연습 후  의두 연마를?
https://www.m-wonkwang.org/news/articleView.html?idxno=11266 미국 원불교의 중심지, 원다르마센터(2)
https://www.m-wonkwang.org/news/articleView.html?idxno=11319 아미시(Amish),  전통과 종교의 자유가 공존하는 마을
https://www.m-wonkwang.org/news/articleView.html?idxno=11323 생활 속 수양공부,  영육쌍전의 삶 강조
https://www.m-wonkwang.org/news/articleView.html?idxno=11377 크리스천 젠(Christian Zen)과 명상의 집
https://www.m-wonkwang.org/news/articleView.html?idxno=11379 나의 기질 변화와 영적 진급에  어떤 영향 주었나?
https://www.m-wonkwang.org/news/articleView.html?idxno=11438 대각개교절 경축사
https://www.m-wonkwang.org/news/articleView.html?idxno=11485 문답 없는  공부는 깊어질 수 없다
https://www.m-wonkwang.org/news/articleView.html?idxno=11480 태국 숲속 전통과 아잔 차
https://www.m-wonkwang.org/news/articleView.html?idxno=11569 노동자로만 살아갈 것인가? 영육쌍전, 공부인의 삶을  살아갈 것인가?
https://www.m-wonkwang.org/news/articleView.html?idxno=11567 숲속 승가 전통과 아마라와띠 불교 사원
https://www.m-wonkwang.org/news/articleView.html?idxno=11629 이해를 넘어 깨달음으로
https://www.m-wonkwang.org/news/articleView.html?idxno=11625 우리 사찰과 함께 하는 템플스테이
https://www.m-wonkwang.org/news/articleView.html?idxno=11710 템플스테이와 함께 하는 우리 사찰 이야기
https://www.m-wonkwang.org/news/articleView.html?idxno=11714 일상생활 자양분 축적을 위한  특별 정진 시간 필요
https://www.m-wonkwang.org/news/articleView.html?idxno=11768 자기 성찰의 시간,  예회 준비 나는 어떠한가?
https://www.m-wonkwang.org/news/articleView.html?idxno=11766 떼제공동체: 크리스천의 삶을 연습하는 곳
https://www.m-wonkwang.org/news/articleView.html?idxno=11829 소득 유무 반조로,  실제 생활에서 광채 내고 있는가?
https://www.m-wonkwang.org/news/articleView.html?idxno=11809 수행에 진심인 분들을 위한 곳,  미얀마 명상센터
https://www.m-wonkwang.org/news/articleView.html?idxno=11863 깊이를 더해 가는 실다운 공부
https://www.m-wonkwang.org/news/articleView.html?idxno=11861 우리 옆의 이웃, 무슬림
https://www.m-wonkwang.org/news/articleView.html?idxno=11943 마음을 잘 사용하기 위해  온전한 정신 양성
https://www.m-wonkwang.org/news/articleView.html?idxno=11925 우리 옆의 이웃, 무슬림② 
https://www.m-wonkwang.org/news/articleView.html?idxno=11985 본래 자리와 하나,  삼매 경지 증득
https://www.m-wonkwang.org/news/articleView.html?idxno=12037 염불, 마음의 중심을 찾는 데 큰 도움
https://www.m-wonkwang.org/news/articleView.html?idxno=12084 모든 성인, 이 선법으로 심력 얻어 
