https://www.wonnews.co.kr/news/articleView.html?idxno=311676 [세상은 한 일터] 익산원광효도요양병원- “가장 기본부터 실천… 품격이 만들어진다”
https://www.wonnews.co.kr/news/articleView.html?idxno=311771 [산촌마을 좌포이야기] 산촌마을의 ‘교육·농사·훈련’ 봄맞이
https://www.wonnews.co.kr/news/articleView.html?idxno=311800 직접 교당 방문, 전무출신 인재 발굴 나서
https://www.wonnews.co.kr/news/articleView.html?idxno=311789 영화 ‘괴물’- 우리 중의 괴물은 누구인가?
https://www.wonnews.co.kr/news/articleView.html?idxno=311781 〈문명전환의 한국사상: 개벽의 사상사 2〉
https://www.wonnews.co.kr/news/articleView.html?idxno=311714 ‘공부하는 교화단’으로 교화·친애·창의 이룬다
https://www.wonnews.co.kr/news/articleView.html?idxno=311765 [일상문답] 끊이지 않는 상념은 어떻게 끊나요
https://www.wonnews.co.kr/news/articleView.html?idxno=311730 [일상문답] 유무념 조항을 자꾸 잊고 삽니다
https://www.wonnews.co.kr/news/articleView.html?idxno=311671 [일상문답] 육아가 너무 어려워요
https://www.wonnews.co.kr/news/articleView.html?idxno=311607 [일상문답] 힘이 되는 부모가 되어주고 싶어요
https://www.wonnews.co.kr/news/articleView.html?idxno=311561 [일상문답] 조언을 잘 하는 사람이고 싶어요
https://www.wonnews.co.kr/news/articleView.html?idxno=311510 [일상문답] 교무님에게 힘을 주고 싶어요
https://www.wonnews.co.kr/news/articleView.html?idxno=311460 [일상문답] 구성원 간 업무 대처 방법이 다릅니다
https://www.wonnews.co.kr/news/articleView.html?idxno=311400 [일상문답] 은혜의 소종래에 대하여
https://www.wonnews.co.kr/news/articleView.html?idxno=311349 [일상문답] ‘빈 마음’은 어떤 마음인가요
https://www.wonnews.co.kr/news/articleView.html?idxno=311767 [키다리교무님의 정전공부] 정신개벽 영성시대의 종교 원불교
https://www.wonnews.co.kr/news/articleView.html?idxno=311737 [키다리교무님의 정전공부] 사실적 도덕의 훈련과 광대무량한 낙원 1
https://www.wonnews.co.kr/news/articleView.html?idxno=311668 [키다리교무님의 정전공부] 진리적 종교의 신앙과 광대무량한 낙원
https://www.wonnews.co.kr/news/articleView.html?idxno=311622 [키다리교무님의 정전공부] 도반이 되어 동남풍의 주인공 됩시다
https://www.wonnews.co.kr/news/articleView.html?idxno=311551 [키다리교무님의 정전공부] 마음의 힘을 키우자
https://www.wonnews.co.kr/news/articleView.html?idxno=311521 [키다리교무님의 정전공부] 광대무량한 낙원으로 인도하자 3
https://www.wonnews.co.kr/news/articleView.html?idxno=311462 [키다리교무님의 정전공부] 광대무량한 낙원으로 인도하자 2
https://www.wonnews.co.kr/news/articleView.html?idxno=311392 [키다리교무님의 정전공부] 광대무량한 낙원으로 인도하자
https://www.wonnews.co.kr/news/articleView.html?idxno=311368 [키다리교무님의 정전공부] 정전공부를 시작하며
https://www.wonnews.co.kr/news/articleView.html?idxno=307474 원불교 100년 100장면: 장면 0
https://www.wonnews.co.kr/news/articleView.html?idxno=307533 원불교 100년 100장면: 장면 1
https://www.wonnews.co.kr/news/articleView.html?idxno=307543 장면 0: 원불교 교조 소태산 박중빈 대종사
https://www.wonnews.co.kr/news/articleView.html?idxno=307578 원불교 100년 100장면: 장면 2
https://www.wonnews.co.kr/news/articleView.html?idxno=307602 장면1: 1891년, 소태산 박중빈 대종사 탄생하다
https://www.wonnews.co.kr/news/articleView.html?idxno=307638 원불교 100년 100장면: 장면 3
https://www.wonnews.co.kr/news/articleView.html?idxno=307645 장면2: 1900년, 새 회상 법모 정산 송규 종사 탄생하다
https://www.wonnews.co.kr/news/articleView.html?idxno=307685 장면3: 1901년, 소태산 대종사 삼밭재에서 기도 올리다
https://www.wonnews.co.kr/news/articleView.html?idxno=307715 원불교 100년 100장면: 장면 4
https://www.wonnews.co.kr/news/articleView.html?idxno=307747 장면4: 1911년, 소태산 대종사 석굴에서 선정에 들다
https://www.wonnews.co.kr/news/articleView.html?idxno=307753 원불교 100년 100장면: 장면 5
https://www.wonnews.co.kr/news/articleView.html?idxno=307810 원불교 100년 100장면: 장면 6
https://www.wonnews.co.kr/news/articleView.html?idxno=307817 장면5: 1913년, 정산 송규 거북바위에서 기도 올리다
https://www.wonnews.co.kr/news/articleView.html?idxno=307847 원불교 100년 100장면: 장면 7
https://www.wonnews.co.kr/news/articleView.html?idxno=307856 장면6: 1914년, 소태산 대종사 연화봉 초당에서 고행하다
https://www.wonnews.co.kr/news/articleView.html?idxno=307912 원불교 100년 100장면: 장면 8
https://www.wonnews.co.kr/news/articleView.html?idxno=307920 장면7: 1915년, 소태산 대종사 강변에서 선정에 들다
https://www.wonnews.co.kr/news/articleView.html?idxno=308006 장면8: 소태산 대종사 깨달음을 얻다
https://www.wonnews.co.kr/news/articleView.html?idxno=308019 원불교 100년 100장면: 장면 9
https://www.wonnews.co.kr/news/articleView.html?idxno=308072 장면9: 소태산 대종사 불법에 연원하다
https://www.wonnews.co.kr/news/articleView.html?idxno=308088 원불교 100년 100장면: 장면 10
https://www.wonnews.co.kr/news/articleView.html?idxno=308110 장면10: 소태산 대종사, 최초법어를 설하다
https://www.wonnews.co.kr/news/articleView.html?idxno=308151 원불교 100년 100장면: 장면 11
https://www.wonnews.co.kr/news/articleView.html?idxno=308176 원불교 100년 100장면: 장면 12
https://www.wonnews.co.kr/news/articleView.html?idxno=308183 장면11: 소태산 대종사 표준제자를 정하다
https://www.wonnews.co.kr/news/articleView.html?idxno=308223 장면12: 소태산 대종사 〈법의대전〉을 저술하다
https://www.wonnews.co.kr/news/articleView.html?idxno=308232 원불교 100년 100장면: 장면 13
https://www.wonnews.co.kr/news/articleView.html?idxno=308262 원불교 100년 100장면: 장면 14
https://www.wonnews.co.kr/news/articleView.html?idxno=308290 장면13: 영광 길룡리 해변을 간척하다
https://www.wonnews.co.kr/news/articleView.html?idxno=308315 장면14: 원불교 최초의 교당을 신축하다
https://www.wonnews.co.kr/news/articleView.html?idxno=308338 원불교 100년 100장면: 장면 15
https://www.wonnews.co.kr/news/articleView.html?idxno=308369 장면15: 소태산 대종사와 정산종사 만나다
https://www.wonnews.co.kr/news/articleView.html?idxno=308413 원불교 100년 100장면: 장면 16
https://www.wonnews.co.kr/news/articleView.html?idxno=308433 원불교 100년 100장면: 장면 17
https://www.wonnews.co.kr/news/articleView.html?idxno=308454 장면16: 산상 기도로 진리계의 인증을 받다
https://www.wonnews.co.kr/news/articleView.html?idxno=308479 장면17: 소태산 대종사, 일원상을 그리다
https://www.wonnews.co.kr/news/articleView.html?idxno=308489 원불교 100년 100장면: 장면 18
https://www.wonnews.co.kr/news/articleView.html?idxno=308535 원불교 100년 100장면: 장면 19
https://www.wonnews.co.kr/news/articleView.html?idxno=308546 장면18: 소태산 대종사 변산에 입산하다
https://www.wonnews.co.kr/news/articleView.html?idxno=308582 장면19: 변산 봉래정사에서 교법을 제정하다
https://www.wonnews.co.kr/news/articleView.html?idxno=308592 원불교 100년 100장면: 장면20
https://www.wonnews.co.kr/news/articleView.html?idxno=308637 장면20: 봉래정사 석두암을 신축하다
https://www.wonnews.co.kr/news/articleView.html?idxno=308658 원불교 100년 100장면: 장면21
https://www.wonnews.co.kr/news/articleView.html?idxno=308688 장면21: 영광 범현동에 영산회상을 건설하다
https://www.wonnews.co.kr/news/articleView.html?idxno=308698 원불교 100년 100장면: 장면22
https://www.wonnews.co.kr/news/articleView.html?idxno=308749 장면22: 소태산 대종사 서울에서 제자를 얻다
https://www.wonnews.co.kr/news/articleView.html?idxno=308754 원불교 100년 100장면: 장면 23
https://www.wonnews.co.kr/news/articleView.html?idxno=308803 원불교 100년 100장면: 장면24
https://www.wonnews.co.kr/news/articleView.html?idxno=308832 장면23: 원기9년, 기독교 장로가 귀의하다
https://www.wonnews.co.kr/news/articleView.html?idxno=308854 장면24: 불법연구회 창립총회를 열다
https://www.wonnews.co.kr/news/articleView.html?idxno=308890 원불교 100년 100장면: 장면25
https://www.wonnews.co.kr/news/articleView.html?idxno=308933 장면25: 진안 만덕산에서 선회를 열다
https://www.wonnews.co.kr/news/articleView.html?idxno=308938 원불교 100년 100장면: 장면 26-1
https://www.wonnews.co.kr/news/articleView.html?idxno=308974 장면26-1: 전북 익산에 총부를 건설하다
https://www.wonnews.co.kr/news/articleView.html?idxno=309002 원불교 100년 100장면: 장면26-2
https://www.wonnews.co.kr/news/articleView.html?idxno=309019 장면26-2: 익산총부의 옛모습(1940~50년경)
https://www.wonnews.co.kr/news/articleView.html?idxno=309025 원불교 100년 100장면: 장면 27
https://www.wonnews.co.kr/news/articleView.html?idxno=309059 원불교 100년 100장면: 장면28
https://www.wonnews.co.kr/news/articleView.html?idxno=309071 장면27: 훈련법을 제정하고 훈련을 실시하다
https://www.wonnews.co.kr/news/articleView.html?idxno=309115 원불교 100년 100장면: 장면 29
https://www.wonnews.co.kr/news/articleView.html?idxno=309124 장면28: 서울에 원불교를 설립하다
https://www.wonnews.co.kr/news/articleView.html?idxno=309181 장면29: 영광 신흥에 원불교를 설립하다
https://www.wonnews.co.kr/news/articleView.html?idxno=309184 원불교 100년 100장면: 장면 30
https://www.wonnews.co.kr/news/articleView.html?idxno=309208 원불교 100년 100장면: 장면 31
https://www.wonnews.co.kr/news/articleView.html?idxno=309241 장면30: 원불교 교서를 간행하다
https://www.wonnews.co.kr/news/articleView.html?idxno=309274 장면31: 창립 12년을 결산하다
https://www.wonnews.co.kr/news/articleView.html?idxno=309277 원불교 100년 100장면: 장면32
https://www.wonnews.co.kr/news/articleView.html?idxno=309340 장면32: 새로 제정한 예법으로 결혼하다
https://www.wonnews.co.kr/news/articleView.html?idxno=309363 원불교 100년 100장면: 장면33
https://www.wonnews.co.kr/news/articleView.html?idxno=309386 장면33: 소태산 대종사 금강산을 여행하다
https://www.wonnews.co.kr/news/articleView.html?idxno=309401 원불교 100년 100장면: 장면 34
https://www.wonnews.co.kr/news/articleView.html?idxno=309423 장면34: 소태산 대종사 경상도를 여행하다
https://www.wonnews.co.kr/news/articleView.html?idxno=309440 원불교 100년 100장면: 장면 35
https://www.wonnews.co.kr/news/articleView.html?idxno=309502 100년 100장면: 장면 36
https://www.wonnews.co.kr/news/articleView.html?idxno=309508 장면35: 부산에 원불교를 설립하다
https://www.wonnews.co.kr/news/articleView.html?idxno=309549 장면36: 해외 교화를 시작하다
https://www.wonnews.co.kr/news/articleView.html?idxno=309559 100년 100장면: 장면 37
https://www.wonnews.co.kr/news/articleView.html?idxno=309583 100년 100장면: 장면 38
https://www.wonnews.co.kr/news/articleView.html?idxno=309621 장면37: 영광 영산에 학원을 열다
https://www.wonnews.co.kr/news/articleView.html?idxno=309661 100년 100장면: 장면 39
https://www.wonnews.co.kr/news/articleView.html?idxno=309679 장면38: 원불교 서울교당을 신축하다
https://www.wonnews.co.kr/news/articleView.html?idxno=309727 100년 100장면: 장면 40
https://www.wonnews.co.kr/news/articleView.html?idxno=309728 100년 100장면: 장면 41
https://www.wonnews.co.kr/news/articleView.html?idxno=309729 100년 100장면: 장면 42
https://www.wonnews.co.kr/news/articleView.html?idxno=309730 100년 100장면: 장면 43
https://www.wonnews.co.kr/news/articleView.html?idxno=309774 장면39: 익산에 보화당을 설립하다
https://www.wonnews.co.kr/news/articleView.html?idxno=309837 장면40: 익산총부 대각전을 신축하다
https://www.wonnews.co.kr/news/articleView.html?idxno=309941 장면41: 일제가 주재소를 설치하고 탄압하다
https://www.wonnews.co.kr/news/articleView.html?idxno=309996 장면42: 산업부를 신축하다
https://www.wonnews.co.kr/news/articleView.html?idxno=310045 장면43: 개성에 원불교를 설립하다
https://www.wonnews.co.kr/news/articleView.html?idxno=310055 100년 100장면: 장면 44
https://www.wonnews.co.kr/news/articleView.html?idxno=310129 장면44: ‘일원상 서원문’을 발표하다
https://www.wonnews.co.kr/news/articleView.html?idxno=310148 100년 100장면: 장면 45
https://www.wonnews.co.kr/news/articleView.html?idxno=310178 장면45: 소태산 대종사 일본 방문을 종용받다
https://www.wonnews.co.kr/news/articleView.html?idxno=310219 100년 100장면: 장면 46
https://www.wonnews.co.kr/news/articleView.html?idxno=310238 장면46: 소태산 대종사 ‘교리도’를 제정하다
https://www.wonnews.co.kr/news/articleView.html?idxno=310259 100년 100장면: 장면 47
https://www.wonnews.co.kr/news/articleView.html?idxno=310342 장면47: 〈불교정전〉을 간행하다
https://www.wonnews.co.kr/news/articleView.html?idxno=310362 100년 100장면: 장면 48
https://www.wonnews.co.kr/news/articleView.html?idxno=310407 장면48: 소태산 대종사 최후법문을 설하다
https://www.wonnews.co.kr/news/articleView.html?idxno=310423 100년 100장면: 장면 49-1
https://www.wonnews.co.kr/news/articleView.html?idxno=310473 장면49: 소태산 대종사 열반에 들다
https://www.wonnews.co.kr/news/articleView.html?idxno=310484 100년 100장면: 장면 49-2
https://www.wonnews.co.kr/news/articleView.html?idxno=310538 장면49-2: 소태산 대종사 공동묘지에 안장되다
https://www.wonnews.co.kr/news/articleView.html?idxno=310556 100년 100장면: 장면 50-1
https://www.wonnews.co.kr/news/articleView.html?idxno=310644 장면50-1: 정산 송규가 종법사에 취임하다
https://www.wonnews.co.kr/news/articleView.html?idxno=310653 100년 100장면: 장면 50-2
https://www.wonnews.co.kr/news/articleView.html?idxno=310723 장면50-2: 정산 송규 종법사(재임 1943~1962)
https://www.wonnews.co.kr/news/articleView.html?idxno=310719 100년 100장면: 장면 51
https://www.wonnews.co.kr/news/articleView.html?idxno=310761 장면51: 전재동포구호사업을 전개하다
https://www.wonnews.co.kr/news/articleView.html?idxno=310752 100년 100장면: 장면 52
https://www.wonnews.co.kr/news/articleView.html?idxno=310815 장면52: 서울에서 고아원을 운영하다
https://www.wonnews.co.kr/news/articleView.html?idxno=310821 100년 100장면: 장면 53
https://www.wonnews.co.kr/news/articleView.html?idxno=310947 장면53: 서울출장소를 설치하다
https://www.wonnews.co.kr/news/articleView.html?idxno=310944 100년 100장면: 장면 54
https://www.wonnews.co.kr/news/articleView.html?idxno=311009 장면54: 익산총부에 유일학림을 설립하다
https://www.wonnews.co.kr/news/articleView.html?idxno=311014 100년 100장면: 장면 55
https://www.wonnews.co.kr/news/articleView.html?idxno=311071 장면55: 교명을 ‘원불교’라 선포하다
https://www.wonnews.co.kr/news/articleView.html?idxno=311065 100년 100장면: 장면 56
https://www.wonnews.co.kr/news/articleView.html?idxno=311118 장면56: 소태산대종사성탑을 건립하다
https://www.wonnews.co.kr/news/articleView.html?idxno=311101 100년 100장면: 장면 57
https://www.wonnews.co.kr/news/articleView.html?idxno=311201 장면57: 익산에 원광중학교를 설립하다
https://www.wonnews.co.kr/news/articleView.html?idxno=311170 100년 100장면: 장면 58
https://www.wonnews.co.kr/news/articleView.html?idxno=311231 장면58: 제1대 성업을 봉찬하다
https://www.wonnews.co.kr/news/articleView.html?idxno=311235 100년 100장면: 장면 59
https://www.wonnews.co.kr/news/articleView.html?idxno=311289 장면59: 영산 정관평 제2차 방언공사를 하다
https://www.wonnews.co.kr/news/articleView.html?idxno=311311 100년 100장면: 장면 60
https://www.wonnews.co.kr/news/articleView.html?idxno=311344 장면60: 교단 기관지 인쇄시설을 갖추다
https://www.wonnews.co.kr/news/articleView.html?idxno=311412 100년 100장면: 장면 61
https://www.wonnews.co.kr/news/articleView.html?idxno=311436 장면61: 교서 편수기관을 설립하다
https://www.wonnews.co.kr/news/articleView.html?idxno=311471 100년 100장면: 장면 62
https://www.wonnews.co.kr/news/articleView.html?idxno=311508 장면62: 정산종사 삼동윤리를 설하다
https://www.wonnews.co.kr/news/articleView.html?idxno=311518 100년 100장면: 장면 63
https://www.wonnews.co.kr/news/articleView.html?idxno=311574 장면63: 정산종사 열반에 들다
https://www.wonnews.co.kr/news/articleView.html?idxno=311580 100년 100장면: 장면 64-1
https://www.wonnews.co.kr/news/articleView.html?idxno=311600 장면64-1: 대산 김대거가 종법사에 취임하다
https://www.wonnews.co.kr/news/articleView.html?idxno=311634 100년 100장면: 장면 64-2
https://www.wonnews.co.kr/news/articleView.html?idxno=311653 장면64-2: 정산종사와 대산종사
https://www.wonnews.co.kr/news/articleView.html?idxno=311696 100년 100장면: 장면 65
https://www.wonnews.co.kr/news/articleView.html?idxno=311726 장면65: 〈원불교교전〉을 간행하다
https://www.wonnews.co.kr/news/articleView.html?idxno=311751 100년 100장면: 장면 66
https://www.wonnews.co.kr/news/articleView.html?idxno=310232 하루를 여닫는 범(경)종 소리
https://www.wonnews.co.kr/news/articleView.html?idxno=310305 독경의 공덕을 얻자
https://www.wonnews.co.kr/news/articleView.html?idxno=310373 원불교 사람들의 인사, 합장
https://www.wonnews.co.kr/news/articleView.html?idxno=310440 감사와 보은 다짐하는 불전헌배
https://www.wonnews.co.kr/news/articleView.html?idxno=310489 심고와 기도
https://www.wonnews.co.kr/news/articleView.html?idxno=310552 슬기로운 ‘도구’ 사용법 1
https://www.wonnews.co.kr/news/articleView.html?idxno=310592 슬기로운 ‘도구’ 사용법 2
https://www.wonnews.co.kr/news/articleView.html?idxno=310674 원불교 교도의 네 가지 의무
https://www.wonnews.co.kr/news/articleView.html?idxno=310736 원불교 성직자 ‘교무’
https://www.wonnews.co.kr/news/articleView.html?idxno=310778 법명, 새 이름으로 새 생활 시작
https://www.wonnews.co.kr/news/articleView.html?idxno=310845 종법사 대사식
https://www.wonnews.co.kr/news/articleView.html?idxno=310904 설교와 설법, 어떤 차이가 있을까
https://www.wonnews.co.kr/news/articleView.html?idxno=310967 왜 ‘제16대’ 종법사인가요
https://www.wonnews.co.kr/news/articleView.html?idxno=311030 원불교에서는 왜 ‘훈련’이라고 하나요
https://www.wonnews.co.kr/news/articleView.html?idxno=311089 ‘교복’과 ‘법복’은 같은가요 다른가요
https://www.wonnews.co.kr/news/articleView.html?idxno=311141 ‘대재’는 어떤 날인가요
https://www.wonnews.co.kr/news/articleView.html?idxno=311197 원+불교? 원불+교!
https://www.wonnews.co.kr/news/articleView.html?idxno=311258 TPO 맞춰 ‘교당룩’ 입기
https://www.wonnews.co.kr/news/articleView.html?idxno=311314 《원불교교전》과 《원불교전서》의 차이
https://www.wonnews.co.kr/news/articleView.html?idxno=311374 ‘법문(어)’을 받드는 올바른 자세
https://www.wonnews.co.kr/news/articleView.html?idxno=311418 ‘헌공’, 보은하는 바르고 쉬운 길
https://www.wonnews.co.kr/news/articleView.html?idxno=311468 〈성가〉가 갖는 의미
https://www.wonnews.co.kr/news/articleView.html?idxno=311532 입정은 어떻게 하나요
https://www.wonnews.co.kr/news/articleView.html?idxno=311571 성지순례 잘 하는 법
https://www.wonnews.co.kr/news/articleView.html?idxno=311642 집집마다 일원상을 걸자
https://www.wonnews.co.kr/news/articleView.html?idxno=311685 ‘봉사’와 ‘봉공’은 뭐가 다른가요
https://www.wonnews.co.kr/news/articleView.html?idxno=311745 ‘산과 타원’에 담긴 의미
